INFO: kbplacer_plugin_action.py:70: Plugin version: 0.14
INFO: kbplacer_plugin_action.py:71: Python version: '3.13.7 (main, Sep  9 2025, 16:20:24) [GCC 15.2.1 20250813]'
INFO: kbplacer_plugin_action.py:72: KiCad version: 8.0.8 with 4.2.3 gtk3 (phoenix) wxWidgets 3.2.8
INFO: kbplacer_dialog.py:631: Language: en
INFO: kbplacer_plugin_action.py:80: GUI state: {"layout_path": "/home/teo/AAegna_grejer/tangentbord/BoerdV2/jsons/keyboard-layout_LEFT.json", "key_distance": [19.05, 19.05], "key_info": {"annotation_format": "S{}", "position_option": "Default", "position": {"x": 0.0, "y": 0.0, "orientation": 0.0, "side": "Front"}, "template_path": ""}, "enable_diode_placement": true, "route_switches_with_diodes": false, "optimize_diodes_orientation": false, "diode_info": {"annotation_format": "D{}", "position_option": "Default", "position": {"x": 5.08, "y": 3.03, "orientation": 90.0, "side": "Back"}, "template_path": ""}, "additional_elements": [{"annotation_format": "ST{}", "position_option": "Custom", "position": {"x": 0.0, "y": 0.0, "orientation": 0.0, "side": "Front"}, "template_path": ""}], "route_rows_and_columns": false, "template_path": "/home/teo/AAegna_grejer/tangentbord/BoerdV2/BoerdV2.kicad_pcb", "generate_outline": false, "outline_delta": 0.0}
DEBUG: key_placer.py:424: Set key 1U distance: 19050000/19050000
DEBUG: key_placer.py:141: Switches by nets: defaultdict(<class 'list'>, {frozenset({'c5', 'r6'}): ['S35'], frozenset({'c4', 'r6'}): ['S34'], frozenset({'c3', 'r6'}): ['S33'], frozenset({'r5', 'c5'}): ['S32'], frozenset({'c4', 'r5'}): ['S31'], frozenset({'c5', 'r4'}): ['S30'], frozenset({'c4', 'r4'}): ['S29'], frozenset({'c3', 'r4'}): ['S28'], frozenset({'r4', 'c2'}): ['S27'], frozenset({'c1', 'r4'}): ['S26'], frozenset({'c0', 'r4'}): ['S25'], frozenset({'c5', 'r3'}): ['S24'], frozenset({'c4', 'r3'}): ['S23'], frozenset({'c3', 'r3'}): ['S22'], frozenset({'c2', 'r3'}): ['S21'], frozenset({'c1', 'r3'}): ['S20'], frozenset({'c0', 'r3'}): ['S19'], frozenset({'c5', 'r2'}): ['S18'], frozenset({'c4', 'r2'}): ['S17'], frozenset({'c3', 'r2'}): ['S16'], frozenset({'c2', 'r2'}): ['S15'], frozenset({'c1', 'r2'}): ['S14'], frozenset({'c0', 'r2'}): ['S13'], frozenset({'c5', 'r1'}): ['S12'], frozenset({'c4', 'r1'}): ['S11'], frozenset({'c3', 'r1'}): ['S10'], frozenset({'r1', 'c2'}): ['S9'], frozenset({'c1', 'r1'}): ['S8'], frozenset({'c0', 'r1'}): ['S7'], frozenset({'r0', 'c5'}): ['S6'], frozenset({'c4', 'r0'}): ['S5'], frozenset({'c3', 'r0'}): ['S4'], frozenset({'r0', 'c2'}): ['S3'], frozenset({'c1', 'r0'}): ['S2'], frozenset({'r0', 'c0'}): ['S1']})
DEBUG: key_placer.py:145: Diodes by switch: {'S35': ['D35'], 'S34': ['D34'], 'S33': ['D33'], 'S32': ['D32'], 'S31': ['D31'], 'S30': ['D30'], 'S29': ['D29'], 'S28': ['D28'], 'S27': ['D27'], 'S26': ['D26'], 'S25': ['D25'], 'S24': ['D24'], 'S23': ['D23'], 'S22': ['D22'], 'S21': ['D21'], 'S20': ['D20'], 'S19': ['D19'], 'S18': ['D18'], 'S17': ['D17'], 'S16': ['D16'], 'S15': ['D15'], 'S14': ['D14'], 'S13': ['D13'], 'S12': ['D12'], 'S11': ['D11'], 'S10': ['D10'], 'S9': ['D9'], 'S8': ['D8'], 'S7': ['D7'], 'S6': ['D6'], 'S5': ['D5'], 'S4': ['D4'], 'S3': ['D3'], 'S2': ['D2'], 'S1': ['D1']}
INFO: kle_serial.py:931: User layout: [[{'y': 1, 'x': 3.75}, '3\n#\n\n£'], [{'y': -0.75, 'x': 2.75}, '2\n"\n\n@', {'x': 1}, '4\n¤\n\n$'], [{'y': -0.75, 'x': 0.5, 'w': 1.25}, 'ESC', '1\n!', {'x': 3}, '5\n%'], [{'y': -0.5, 'x': 3.75}, 'E'], [{'y': -0.75, 'x': 2.75}, 'W', {'x': 1}, 'R'], [{'y': -0.75, 'x': 0.5, 'w': 1.25}, 'TAB', 'Q', {'x': 3}, 'T'], [{'y': -0.5, 'x': 3.75}, 'D'], [{'y': -0.75, 'x': 2.75}, 'S', {'x': 1}, 'F'], [{'y': -0.75, 'x': 0.5, 'a': 7, 'w': 1.25}, '', {'a': 4}, 'A', {'x': 3}, 'G'], [{'y': -0.5, 'x': 3.75}, 'C'], [{'y': -0.75, 'x': 2.75}, 'X', {'x': 1}, 'V'], [{'y': -0.75, 'x': 0.5, 'w': 1.25}, '>\n<\n\n|', 'Z', {'x': 3, 'a': 7}, ''], [{'y': -0.5, 'x': 3.75}, ''], [{'y': -0.75, 'x': 2.75}, '', {'x': 1, 'a': 4}, 'ALT'], [{'y': -0.75, 'x': 0.5, 'a': 7, 'w': 1.25}, '', ''], [{'r': 30, 'rx': 6.5, 'ry': 4.25, 'x': 2.75}, ''], [{'y': -0.75, 'x': 1.75}, ''], [{'y': -0.25, 'x': 2.75}, ''], [{'y': -0.75, 'x': 0.75, 'a': 4, 'h': 1.5}, 'SHIFT', {'h': 1.5}, 'SPACE'], [{'y': -0.25, 'x': 2.75}, 'SUPER']]
DEBUG: key_placer.py:724: Layout offset: (33337500, 28575000)
DEBUG: kle_serial.py:990: Layout with: x_ortholinear_keys=24, y_ortholinear_keys=5, rotated_keys=6, encoders=0, iso_enters=0 and unrecognized_shape_keys=0
DEBUG: kle_serial.py:1015: Layout tagged: [<KeyboardTag.OTHER: 4>]
WARNING: key_placer.py:741: Layout of this kind with missing key matrix annotations may produce unexpected footprint order. For details see: https://github.com/adamws/kicad-kbplacer/blob/master/docs/annotation_guide.md
DEBUG: board_modifier.py:94: Setting S1 footprint position: (114300000, 57150000)
DEBUG: board_modifier.py:94: Setting S2 footprint position: (95250000, 61912500)
DEBUG: board_modifier.py:94: Setting S3 footprint position: (133350000, 61912500)
DEBUG: board_modifier.py:94: Setting S4 footprint position: (54768750, 66675000)
DEBUG: board_modifier.py:94: Setting S5 footprint position: (76200000, 66675000)
DEBUG: board_modifier.py:94: Setting S6 footprint position: (152400000, 66675000)
DEBUG: board_modifier.py:94: Setting S7 footprint position: (114300000, 76200000)
DEBUG: board_modifier.py:94: Setting S8 footprint position: (95250000, 80962500)
DEBUG: board_modifier.py:94: Setting S9 footprint position: (133350000, 80962500)
DEBUG: board_modifier.py:94: Setting S10 footprint position: (54768750, 85725000)
DEBUG: board_modifier.py:94: Setting S11 footprint position: (76200000, 85725000)
DEBUG: board_modifier.py:94: Setting S12 footprint position: (152400000, 85725000)
DEBUG: board_modifier.py:94: Setting S13 footprint position: (114300000, 95250000)
DEBUG: board_modifier.py:94: Setting S14 footprint position: (95250000, 100012500)
DEBUG: board_modifier.py:94: Setting S15 footprint position: (133350000, 100012500)
DEBUG: board_modifier.py:94: Setting S16 footprint position: (54768750, 104775000)
DEBUG: board_modifier.py:94: Setting S17 footprint position: (76200000, 104775000)
DEBUG: board_modifier.py:94: Setting S18 footprint position: (152400000, 104775000)
DEBUG: board_modifier.py:94: Setting S19 footprint position: (114300000, 114300000)
DEBUG: board_modifier.py:94: Setting S20 footprint position: (95250000, 119062500)
DEBUG: board_modifier.py:94: Setting S21 footprint position: (133350000, 119062500)
DEBUG: board_modifier.py:94: Setting S22 footprint position: (54768750, 123825000)
DEBUG: board_modifier.py:94: Setting S23 footprint position: (76200000, 123825000)
DEBUG: board_modifier.py:94: Setting S24 footprint position: (152400000, 123825000)
DEBUG: board_modifier.py:94: Setting S25 footprint position: (114300000, 133350000)
DEBUG: board_modifier.py:94: Setting S26 footprint position: (95250000, 138112500)
DEBUG: board_modifier.py:94: Setting S27 footprint position: (133350000, 138112500)
DEBUG: board_modifier.py:94: Setting S28 footprint position: (54768750, 142875000)
DEBUG: board_modifier.py:94: Setting S29 footprint position: (76200000, 142875000)
DEBUG: board_modifier.py:94: Setting S30 footprint position: (219075000, 119062500)
DEBUG: board_modifier.py:94: Setting S31 footprint position: (200025000, 123825000)
DEBUG: board_modifier.py:94: Setting S32 footprint position: (219075000, 138112500)
DEBUG: board_modifier.py:94: Setting S33 footprint position: (180975000, 147637500)
DEBUG: board_modifier.py:94: Setting S34 footprint position: (200025000, 147637500)
DEBUG: board_modifier.py:94: Setting S35 footprint position: (219075000, 157162500)
INFO: key_placer.py:1078: Diode info: [ElementInfo(annotation_format='D{}', position_option=<PositionOption.DEFAULT: 'Default'>, position=ElementPosition(x=5.08, y=3.03, orientation=90.0, side=<Side.BACK: 'Back'>), template_path='')]
DEBUG: board_modifier.py:107: Getting S1 footprint position: (114300000, 57150000)
DEBUG: board_modifier.py:94: Setting D1 footprint position: (119380000, 60180000)
DEBUG: board_modifier.py:107: Getting S2 footprint position: (95250000, 61912500)
DEBUG: board_modifier.py:94: Setting D2 footprint position: (100330000, 64942500)
DEBUG: board_modifier.py:107: Getting S3 footprint position: (133350000, 61912500)
DEBUG: board_modifier.py:94: Setting D3 footprint position: (138430000, 64942500)
DEBUG: board_modifier.py:107: Getting S4 footprint position: (54768750, 66675000)
DEBUG: board_modifier.py:94: Setting D4 footprint position: (59848750, 69705000)
DEBUG: board_modifier.py:107: Getting S5 footprint position: (76200000, 66675000)
DEBUG: board_modifier.py:94: Setting D5 footprint position: (81280000, 69705000)
DEBUG: board_modifier.py:107: Getting S6 footprint position: (152400000, 66675000)
DEBUG: board_modifier.py:94: Setting D6 footprint position: (157480000, 69705000)
DEBUG: board_modifier.py:107: Getting S7 footprint position: (114300000, 76200000)
DEBUG: board_modifier.py:94: Setting D7 footprint position: (119380000, 79230000)
DEBUG: board_modifier.py:107: Getting S8 footprint position: (95250000, 80962500)
DEBUG: board_modifier.py:94: Setting D8 footprint position: (100330000, 83992500)
DEBUG: board_modifier.py:107: Getting S9 footprint position: (133350000, 80962500)
DEBUG: board_modifier.py:94: Setting D9 footprint position: (138430000, 83992500)
DEBUG: board_modifier.py:107: Getting S10 footprint position: (54768750, 85725000)
DEBUG: board_modifier.py:94: Setting D10 footprint position: (59848750, 88755000)
DEBUG: board_modifier.py:107: Getting S11 footprint position: (76200000, 85725000)
DEBUG: board_modifier.py:94: Setting D11 footprint position: (81280000, 88755000)
DEBUG: board_modifier.py:107: Getting S12 footprint position: (152400000, 85725000)
DEBUG: board_modifier.py:94: Setting D12 footprint position: (157480000, 88755000)
DEBUG: board_modifier.py:107: Getting S13 footprint position: (114300000, 95250000)
DEBUG: board_modifier.py:94: Setting D13 footprint position: (119380000, 98280000)
DEBUG: board_modifier.py:107: Getting S14 footprint position: (95250000, 100012500)
DEBUG: board_modifier.py:94: Setting D14 footprint position: (100330000, 103042500)
DEBUG: board_modifier.py:107: Getting S15 footprint position: (133350000, 100012500)
DEBUG: board_modifier.py:94: Setting D15 footprint position: (138430000, 103042500)
DEBUG: board_modifier.py:107: Getting S16 footprint position: (54768750, 104775000)
DEBUG: board_modifier.py:94: Setting D16 footprint position: (59848750, 107805000)
DEBUG: board_modifier.py:107: Getting S17 footprint position: (76200000, 104775000)
DEBUG: board_modifier.py:94: Setting D17 footprint position: (81280000, 107805000)
DEBUG: board_modifier.py:107: Getting S18 footprint position: (152400000, 104775000)
DEBUG: board_modifier.py:94: Setting D18 footprint position: (157480000, 107805000)
DEBUG: board_modifier.py:107: Getting S19 footprint position: (114300000, 114300000)
DEBUG: board_modifier.py:94: Setting D19 footprint position: (119380000, 117330000)
DEBUG: board_modifier.py:107: Getting S20 footprint position: (95250000, 119062500)
DEBUG: board_modifier.py:94: Setting D20 footprint position: (100330000, 122092500)
DEBUG: board_modifier.py:107: Getting S21 footprint position: (133350000, 119062500)
DEBUG: board_modifier.py:94: Setting D21 footprint position: (138430000, 122092500)
DEBUG: board_modifier.py:107: Getting S22 footprint position: (54768750, 123825000)
DEBUG: board_modifier.py:94: Setting D22 footprint position: (59848750, 126855000)
DEBUG: board_modifier.py:107: Getting S23 footprint position: (76200000, 123825000)
DEBUG: board_modifier.py:94: Setting D23 footprint position: (81280000, 126855000)
DEBUG: board_modifier.py:107: Getting S24 footprint position: (152400000, 123825000)
DEBUG: board_modifier.py:94: Setting D24 footprint position: (157480000, 126855000)
DEBUG: board_modifier.py:107: Getting S25 footprint position: (114300000, 133350000)
DEBUG: board_modifier.py:94: Setting D25 footprint position: (119380000, 136380000)
DEBUG: board_modifier.py:107: Getting S26 footprint position: (95250000, 138112500)
DEBUG: board_modifier.py:94: Setting D26 footprint position: (100330000, 141142500)
DEBUG: board_modifier.py:107: Getting S27 footprint position: (133350000, 138112500)
DEBUG: board_modifier.py:94: Setting D27 footprint position: (138430000, 141142500)
DEBUG: board_modifier.py:107: Getting S28 footprint position: (54768750, 142875000)
DEBUG: board_modifier.py:94: Setting D28 footprint position: (59848750, 145905000)
DEBUG: board_modifier.py:107: Getting S29 footprint position: (76200000, 142875000)
DEBUG: board_modifier.py:94: Setting D29 footprint position: (81280000, 145905000)
DEBUG: board_modifier.py:107: Getting S30 footprint position: (206017798, 148742642)
DEBUG: board_modifier.py:94: Setting D30 footprint position: (208902207, 153906698)
DEBUG: board_modifier.py:107: Getting D30 footprint position: (208902207, 153906698)
DEBUG: board_modifier.py:107: Getting S31 footprint position: (187138764, 143342088)
DEBUG: board_modifier.py:94: Setting D31 footprint position: (190023173, 148506144)
DEBUG: board_modifier.py:107: Getting D31 footprint position: (190023173, 148506144)
DEBUG: board_modifier.py:107: Getting S32 footprint position: (196492798, 165240426)
DEBUG: board_modifier.py:94: Setting D32 footprint position: (199377207, 170404482)
DEBUG: board_modifier.py:107: Getting D32 footprint position: (199377207, 170404482)
DEBUG: board_modifier.py:107: Getting S33 footprint position: (158734730, 154439318)
DEBUG: board_modifier.py:94: Setting D33 footprint position: (161619139, 159603374)
DEBUG: board_modifier.py:107: Getting D33 footprint position: (161619139, 159603374)
DEBUG: board_modifier.py:107: Getting S34 footprint position: (175232514, 163964318)
DEBUG: board_modifier.py:94: Setting D34 footprint position: (178116923, 169128374)
DEBUG: board_modifier.py:107: Getting D34 footprint position: (178116923, 169128374)
DEBUG: board_modifier.py:107: Getting S35 footprint position: (186967798, 181738210)
DEBUG: board_modifier.py:94: Setting D35 footprint position: (189852207, 186902266)
DEBUG: board_modifier.py:107: Getting D35 footprint position: (189852207, 186902266)
DEBUG: key_placer.py:854: Placing additional elements for S35
DEBUG: board_modifier.py:107: Getting S35 footprint position: (186967798, 181738210)
DEBUG: board_modifier.py:84: Searching for optional ST35 footprint in /home/teo/AAegna_grejer/tangentbord/BoerdV2/BoerdV2.kicad_pcb
DEBUG: board_modifier.py:89: Footprint not found
DEBUG: key_placer.py:854: Placing additional elements for S34
DEBUG: board_modifier.py:107: Getting S34 footprint position: (175232514, 163964318)
DEBUG: board_modifier.py:84: Searching for optional ST34 footprint in /home/teo/AAegna_grejer/tangentbord/BoerdV2/BoerdV2.kicad_pcb
DEBUG: board_modifier.py:89: Footprint not found
DEBUG: key_placer.py:854: Placing additional elements for S33
DEBUG: board_modifier.py:107: Getting S33 footprint position: (158734730, 154439318)
DEBUG: board_modifier.py:84: Searching for optional ST33 footprint in /home/teo/AAegna_grejer/tangentbord/BoerdV2/BoerdV2.kicad_pcb
DEBUG: board_modifier.py:89: Footprint not found
DEBUG: key_placer.py:854: Placing additional elements for S32
DEBUG: board_modifier.py:107: Getting S32 footprint position: (196492798, 165240426)
DEBUG: board_modifier.py:84: Searching for optional ST32 footprint in /home/teo/AAegna_grejer/tangentbord/BoerdV2/BoerdV2.kicad_pcb
DEBUG: board_modifier.py:89: Footprint not found
DEBUG: key_placer.py:854: Placing additional elements for S31
DEBUG: board_modifier.py:107: Getting S31 footprint position: (187138764, 143342088)
DEBUG: board_modifier.py:84: Searching for optional ST31 footprint in /home/teo/AAegna_grejer/tangentbord/BoerdV2/BoerdV2.kicad_pcb
DEBUG: board_modifier.py:89: Footprint not found
DEBUG: key_placer.py:854: Placing additional elements for S30
DEBUG: board_modifier.py:107: Getting S30 footprint position: (206017798, 148742642)
DEBUG: board_modifier.py:84: Searching for optional ST30 footprint in /home/teo/AAegna_grejer/tangentbord/BoerdV2/BoerdV2.kicad_pcb
DEBUG: board_modifier.py:89: Footprint not found
DEBUG: key_placer.py:854: Placing additional elements for S29
DEBUG: board_modifier.py:107: Getting S29 footprint position: (76200000, 142875000)
DEBUG: board_modifier.py:84: Searching for optional ST29 footprint in /home/teo/AAegna_grejer/tangentbord/BoerdV2/BoerdV2.kicad_pcb
DEBUG: board_modifier.py:89: Footprint not found
DEBUG: key_placer.py:854: Placing additional elements for S28
DEBUG: board_modifier.py:107: Getting S28 footprint position: (54768750, 142875000)
DEBUG: board_modifier.py:84: Searching for optional ST28 footprint in /home/teo/AAegna_grejer/tangentbord/BoerdV2/BoerdV2.kicad_pcb
DEBUG: board_modifier.py:89: Footprint not found
DEBUG: key_placer.py:854: Placing additional elements for S27
DEBUG: board_modifier.py:107: Getting S27 footprint position: (133350000, 138112500)
DEBUG: board_modifier.py:84: Searching for optional ST27 footprint in /home/teo/AAegna_grejer/tangentbord/BoerdV2/BoerdV2.kicad_pcb
DEBUG: board_modifier.py:89: Footprint not found
DEBUG: key_placer.py:854: Placing additional elements for S26
DEBUG: board_modifier.py:107: Getting S26 footprint position: (95250000, 138112500)
DEBUG: board_modifier.py:84: Searching for optional ST26 footprint in /home/teo/AAegna_grejer/tangentbord/BoerdV2/BoerdV2.kicad_pcb
DEBUG: board_modifier.py:89: Footprint not found
DEBUG: key_placer.py:854: Placing additional elements for S25
DEBUG: board_modifier.py:107: Getting S25 footprint position: (114300000, 133350000)
DEBUG: board_modifier.py:84: Searching for optional ST25 footprint in /home/teo/AAegna_grejer/tangentbord/BoerdV2/BoerdV2.kicad_pcb
DEBUG: board_modifier.py:89: Footprint not found
DEBUG: key_placer.py:854: Placing additional elements for S24
DEBUG: board_modifier.py:107: Getting S24 footprint position: (152400000, 123825000)
DEBUG: board_modifier.py:84: Searching for optional ST24 footprint in /home/teo/AAegna_grejer/tangentbord/BoerdV2/BoerdV2.kicad_pcb
DEBUG: board_modifier.py:89: Footprint not found
DEBUG: key_placer.py:854: Placing additional elements for S23
DEBUG: board_modifier.py:107: Getting S23 footprint position: (76200000, 123825000)
DEBUG: board_modifier.py:84: Searching for optional ST23 footprint in /home/teo/AAegna_grejer/tangentbord/BoerdV2/BoerdV2.kicad_pcb
DEBUG: board_modifier.py:89: Footprint not found
DEBUG: key_placer.py:854: Placing additional elements for S22
DEBUG: board_modifier.py:107: Getting S22 footprint position: (54768750, 123825000)
DEBUG: board_modifier.py:84: Searching for optional ST22 footprint in /home/teo/AAegna_grejer/tangentbord/BoerdV2/BoerdV2.kicad_pcb
DEBUG: board_modifier.py:89: Footprint not found
DEBUG: key_placer.py:854: Placing additional elements for S21
DEBUG: board_modifier.py:107: Getting S21 footprint position: (133350000, 119062500)
DEBUG: board_modifier.py:84: Searching for optional ST21 footprint in /home/teo/AAegna_grejer/tangentbord/BoerdV2/BoerdV2.kicad_pcb
DEBUG: board_modifier.py:89: Footprint not found
DEBUG: key_placer.py:854: Placing additional elements for S20
DEBUG: board_modifier.py:107: Getting S20 footprint position: (95250000, 119062500)
DEBUG: board_modifier.py:84: Searching for optional ST20 footprint in /home/teo/AAegna_grejer/tangentbord/BoerdV2/BoerdV2.kicad_pcb
DEBUG: board_modifier.py:89: Footprint not found
DEBUG: key_placer.py:854: Placing additional elements for S19
DEBUG: board_modifier.py:107: Getting S19 footprint position: (114300000, 114300000)
DEBUG: board_modifier.py:84: Searching for optional ST19 footprint in /home/teo/AAegna_grejer/tangentbord/BoerdV2/BoerdV2.kicad_pcb
DEBUG: board_modifier.py:89: Footprint not found
DEBUG: key_placer.py:854: Placing additional elements for S18
DEBUG: board_modifier.py:107: Getting S18 footprint position: (152400000, 104775000)
DEBUG: board_modifier.py:84: Searching for optional ST18 footprint in /home/teo/AAegna_grejer/tangentbord/BoerdV2/BoerdV2.kicad_pcb
DEBUG: board_modifier.py:89: Footprint not found
DEBUG: key_placer.py:854: Placing additional elements for S17
DEBUG: board_modifier.py:107: Getting S17 footprint position: (76200000, 104775000)
DEBUG: board_modifier.py:84: Searching for optional ST17 footprint in /home/teo/AAegna_grejer/tangentbord/BoerdV2/BoerdV2.kicad_pcb
DEBUG: board_modifier.py:89: Footprint not found
DEBUG: key_placer.py:854: Placing additional elements for S16
DEBUG: board_modifier.py:107: Getting S16 footprint position: (54768750, 104775000)
DEBUG: board_modifier.py:84: Searching for optional ST16 footprint in /home/teo/AAegna_grejer/tangentbord/BoerdV2/BoerdV2.kicad_pcb
DEBUG: board_modifier.py:89: Footprint not found
DEBUG: key_placer.py:854: Placing additional elements for S15
DEBUG: board_modifier.py:107: Getting S15 footprint position: (133350000, 100012500)
DEBUG: board_modifier.py:84: Searching for optional ST15 footprint in /home/teo/AAegna_grejer/tangentbord/BoerdV2/BoerdV2.kicad_pcb
DEBUG: board_modifier.py:89: Footprint not found
DEBUG: key_placer.py:854: Placing additional elements for S14
DEBUG: board_modifier.py:107: Getting S14 footprint position: (95250000, 100012500)
DEBUG: board_modifier.py:84: Searching for optional ST14 footprint in /home/teo/AAegna_grejer/tangentbord/BoerdV2/BoerdV2.kicad_pcb
DEBUG: board_modifier.py:89: Footprint not found
DEBUG: key_placer.py:854: Placing additional elements for S13
DEBUG: board_modifier.py:107: Getting S13 footprint position: (114300000, 95250000)
DEBUG: board_modifier.py:84: Searching for optional ST13 footprint in /home/teo/AAegna_grejer/tangentbord/BoerdV2/BoerdV2.kicad_pcb
DEBUG: board_modifier.py:89: Footprint not found
DEBUG: key_placer.py:854: Placing additional elements for S12
DEBUG: board_modifier.py:107: Getting S12 footprint position: (152400000, 85725000)
DEBUG: board_modifier.py:84: Searching for optional ST12 footprint in /home/teo/AAegna_grejer/tangentbord/BoerdV2/BoerdV2.kicad_pcb
DEBUG: board_modifier.py:89: Footprint not found
DEBUG: key_placer.py:854: Placing additional elements for S11
DEBUG: board_modifier.py:107: Getting S11 footprint position: (76200000, 85725000)
DEBUG: board_modifier.py:84: Searching for optional ST11 footprint in /home/teo/AAegna_grejer/tangentbord/BoerdV2/BoerdV2.kicad_pcb
DEBUG: board_modifier.py:89: Footprint not found
DEBUG: key_placer.py:854: Placing additional elements for S10
DEBUG: board_modifier.py:107: Getting S10 footprint position: (54768750, 85725000)
DEBUG: board_modifier.py:84: Searching for optional ST10 footprint in /home/teo/AAegna_grejer/tangentbord/BoerdV2/BoerdV2.kicad_pcb
DEBUG: board_modifier.py:89: Footprint not found
DEBUG: key_placer.py:854: Placing additional elements for S9
DEBUG: board_modifier.py:107: Getting S9 footprint position: (133350000, 80962500)
DEBUG: board_modifier.py:84: Searching for optional ST9 footprint in /home/teo/AAegna_grejer/tangentbord/BoerdV2/BoerdV2.kicad_pcb
DEBUG: board_modifier.py:89: Footprint not found
DEBUG: key_placer.py:854: Placing additional elements for S8
DEBUG: board_modifier.py:107: Getting S8 footprint position: (95250000, 80962500)
DEBUG: board_modifier.py:84: Searching for optional ST8 footprint in /home/teo/AAegna_grejer/tangentbord/BoerdV2/BoerdV2.kicad_pcb
DEBUG: board_modifier.py:89: Footprint not found
DEBUG: key_placer.py:854: Placing additional elements for S7
DEBUG: board_modifier.py:107: Getting S7 footprint position: (114300000, 76200000)
DEBUG: board_modifier.py:84: Searching for optional ST7 footprint in /home/teo/AAegna_grejer/tangentbord/BoerdV2/BoerdV2.kicad_pcb
DEBUG: board_modifier.py:89: Footprint not found
DEBUG: key_placer.py:854: Placing additional elements for S6
DEBUG: board_modifier.py:107: Getting S6 footprint position: (152400000, 66675000)
DEBUG: board_modifier.py:84: Searching for optional ST6 footprint in /home/teo/AAegna_grejer/tangentbord/BoerdV2/BoerdV2.kicad_pcb
DEBUG: board_modifier.py:89: Footprint not found
DEBUG: key_placer.py:854: Placing additional elements for S5
DEBUG: board_modifier.py:107: Getting S5 footprint position: (76200000, 66675000)
DEBUG: board_modifier.py:84: Searching for optional ST5 footprint in /home/teo/AAegna_grejer/tangentbord/BoerdV2/BoerdV2.kicad_pcb
DEBUG: board_modifier.py:89: Footprint not found
DEBUG: key_placer.py:854: Placing additional elements for S4
DEBUG: board_modifier.py:107: Getting S4 footprint position: (54768750, 66675000)
DEBUG: board_modifier.py:84: Searching for optional ST4 footprint in /home/teo/AAegna_grejer/tangentbord/BoerdV2/BoerdV2.kicad_pcb
DEBUG: board_modifier.py:89: Footprint not found
DEBUG: key_placer.py:854: Placing additional elements for S3
DEBUG: board_modifier.py:107: Getting S3 footprint position: (133350000, 61912500)
DEBUG: board_modifier.py:84: Searching for optional ST3 footprint in /home/teo/AAegna_grejer/tangentbord/BoerdV2/BoerdV2.kicad_pcb
DEBUG: board_modifier.py:89: Footprint not found
DEBUG: key_placer.py:854: Placing additional elements for S2
DEBUG: board_modifier.py:107: Getting S2 footprint position: (95250000, 61912500)
DEBUG: board_modifier.py:84: Searching for optional ST2 footprint in /home/teo/AAegna_grejer/tangentbord/BoerdV2/BoerdV2.kicad_pcb
DEBUG: board_modifier.py:89: Footprint not found
DEBUG: key_placer.py:854: Placing additional elements for S1
DEBUG: board_modifier.py:107: Getting S1 footprint position: (114300000, 57150000)
DEBUG: board_modifier.py:84: Searching for optional ST1 footprint in /home/teo/AAegna_grejer/tangentbord/BoerdV2/BoerdV2.kicad_pcb
DEBUG: board_modifier.py:89: Footprint not found
DEBUG: board_modifier.py:73: Searching for U1 footprint in /home/teo/AAegna_grejer/tangentbord/BoerdV2/BoerdV2.kicad_pcb
DEBUG: board_modifier.py:107: Getting U1 footprint position: (-69695000, -325000)
DEBUG: board_modifier.py:94: Setting U1 footprint position: (-69695000, -325000)
DEBUG: board_modifier.py:73: Searching for S35 footprint in /home/teo/AAegna_grejer/tangentbord/BoerdV2/BoerdV2.kicad_pcb
DEBUG: board_modifier.py:107: Getting S35 footprint position: (186967798, 181738210)
DEBUG: board_modifier.py:94: Setting S35 footprint position: (186967798, 181738210)
DEBUG: board_modifier.py:73: Searching for S34 footprint in /home/teo/AAegna_grejer/tangentbord/BoerdV2/BoerdV2.kicad_pcb
DEBUG: board_modifier.py:107: Getting S34 footprint position: (175232514, 163964318)
DEBUG: board_modifier.py:94: Setting S34 footprint position: (175232514, 163964318)
DEBUG: board_modifier.py:73: Searching for S33 footprint in /home/teo/AAegna_grejer/tangentbord/BoerdV2/BoerdV2.kicad_pcb
DEBUG: board_modifier.py:107: Getting S33 footprint position: (158734730, 154439318)
DEBUG: board_modifier.py:94: Setting S33 footprint position: (158734730, 154439318)
DEBUG: board_modifier.py:73: Searching for S32 footprint in /home/teo/AAegna_grejer/tangentbord/BoerdV2/BoerdV2.kicad_pcb
DEBUG: board_modifier.py:107: Getting S32 footprint position: (196492798, 165240426)
DEBUG: board_modifier.py:94: Setting S32 footprint position: (196492798, 165240426)
DEBUG: board_modifier.py:73: Searching for S31 footprint in /home/teo/AAegna_grejer/tangentbord/BoerdV2/BoerdV2.kicad_pcb
DEBUG: board_modifier.py:107: Getting S31 footprint position: (187138764, 143342088)
DEBUG: board_modifier.py:94: Setting S31 footprint position: (187138764, 143342088)
DEBUG: board_modifier.py:73: Searching for S30 footprint in /home/teo/AAegna_grejer/tangentbord/BoerdV2/BoerdV2.kicad_pcb
DEBUG: board_modifier.py:107: Getting S30 footprint position: (206017798, 148742642)
DEBUG: board_modifier.py:94: Setting S30 footprint position: (206017798, 148742642)
DEBUG: board_modifier.py:73: Searching for S29 footprint in /home/teo/AAegna_grejer/tangentbord/BoerdV2/BoerdV2.kicad_pcb
DEBUG: board_modifier.py:107: Getting S29 footprint position: (76200000, 142875000)
DEBUG: board_modifier.py:94: Setting S29 footprint position: (76200000, 142875000)
DEBUG: board_modifier.py:73: Searching for S28 footprint in /home/teo/AAegna_grejer/tangentbord/BoerdV2/BoerdV2.kicad_pcb
DEBUG: board_modifier.py:107: Getting S28 footprint position: (54768750, 142875000)
DEBUG: board_modifier.py:94: Setting S28 footprint position: (54768750, 142875000)
DEBUG: board_modifier.py:73: Searching for S27 footprint in /home/teo/AAegna_grejer/tangentbord/BoerdV2/BoerdV2.kicad_pcb
DEBUG: board_modifier.py:107: Getting S27 footprint position: (133350000, 138112500)
DEBUG: board_modifier.py:94: Setting S27 footprint position: (133350000, 138112500)
DEBUG: board_modifier.py:73: Searching for S26 footprint in /home/teo/AAegna_grejer/tangentbord/BoerdV2/BoerdV2.kicad_pcb
DEBUG: board_modifier.py:107: Getting S26 footprint position: (95250000, 138112500)
DEBUG: board_modifier.py:94: Setting S26 footprint position: (95250000, 138112500)
DEBUG: board_modifier.py:73: Searching for S25 footprint in /home/teo/AAegna_grejer/tangentbord/BoerdV2/BoerdV2.kicad_pcb
DEBUG: board_modifier.py:107: Getting S25 footprint position: (114300000, 133350000)
DEBUG: board_modifier.py:94: Setting S25 footprint position: (114300000, 133350000)
DEBUG: board_modifier.py:73: Searching for S24 footprint in /home/teo/AAegna_grejer/tangentbord/BoerdV2/BoerdV2.kicad_pcb
DEBUG: board_modifier.py:107: Getting S24 footprint position: (152400000, 123825000)
DEBUG: board_modifier.py:94: Setting S24 footprint position: (152400000, 123825000)
DEBUG: board_modifier.py:73: Searching for S23 footprint in /home/teo/AAegna_grejer/tangentbord/BoerdV2/BoerdV2.kicad_pcb
DEBUG: board_modifier.py:107: Getting S23 footprint position: (76200000, 123825000)
DEBUG: board_modifier.py:94: Setting S23 footprint position: (76200000, 123825000)
DEBUG: board_modifier.py:73: Searching for S22 footprint in /home/teo/AAegna_grejer/tangentbord/BoerdV2/BoerdV2.kicad_pcb
DEBUG: board_modifier.py:107: Getting S22 footprint position: (54768750, 123825000)
DEBUG: board_modifier.py:94: Setting S22 footprint position: (54768750, 123825000)
DEBUG: board_modifier.py:73: Searching for S21 footprint in /home/teo/AAegna_grejer/tangentbord/BoerdV2/BoerdV2.kicad_pcb
DEBUG: board_modifier.py:107: Getting S21 footprint position: (133350000, 119062500)
DEBUG: board_modifier.py:94: Setting S21 footprint position: (133350000, 119062500)
DEBUG: board_modifier.py:73: Searching for S20 footprint in /home/teo/AAegna_grejer/tangentbord/BoerdV2/BoerdV2.kicad_pcb
DEBUG: board_modifier.py:107: Getting S20 footprint position: (95250000, 119062500)
DEBUG: board_modifier.py:94: Setting S20 footprint position: (95250000, 119062500)
DEBUG: board_modifier.py:73: Searching for S19 footprint in /home/teo/AAegna_grejer/tangentbord/BoerdV2/BoerdV2.kicad_pcb
DEBUG: board_modifier.py:107: Getting S19 footprint position: (114300000, 114300000)
DEBUG: board_modifier.py:94: Setting S19 footprint position: (114300000, 114300000)
DEBUG: board_modifier.py:73: Searching for S18 footprint in /home/teo/AAegna_grejer/tangentbord/BoerdV2/BoerdV2.kicad_pcb
DEBUG: board_modifier.py:107: Getting S18 footprint position: (152400000, 104775000)
DEBUG: board_modifier.py:94: Setting S18 footprint position: (152400000, 104775000)
DEBUG: board_modifier.py:73: Searching for S17 footprint in /home/teo/AAegna_grejer/tangentbord/BoerdV2/BoerdV2.kicad_pcb
DEBUG: board_modifier.py:107: Getting S17 footprint position: (76200000, 104775000)
DEBUG: board_modifier.py:94: Setting S17 footprint position: (76200000, 104775000)
DEBUG: board_modifier.py:73: Searching for S16 footprint in /home/teo/AAegna_grejer/tangentbord/BoerdV2/BoerdV2.kicad_pcb
DEBUG: board_modifier.py:107: Getting S16 footprint position: (54768750, 104775000)
DEBUG: board_modifier.py:94: Setting S16 footprint position: (54768750, 104775000)
DEBUG: board_modifier.py:73: Searching for S15 footprint in /home/teo/AAegna_grejer/tangentbord/BoerdV2/BoerdV2.kicad_pcb
DEBUG: board_modifier.py:107: Getting S15 footprint position: (133350000, 100012500)
DEBUG: board_modifier.py:94: Setting S15 footprint position: (133350000, 100012500)
DEBUG: board_modifier.py:73: Searching for S14 footprint in /home/teo/AAegna_grejer/tangentbord/BoerdV2/BoerdV2.kicad_pcb
DEBUG: board_modifier.py:107: Getting S14 footprint position: (95250000, 100012500)
DEBUG: board_modifier.py:94: Setting S14 footprint position: (95250000, 100012500)
DEBUG: board_modifier.py:73: Searching for S13 footprint in /home/teo/AAegna_grejer/tangentbord/BoerdV2/BoerdV2.kicad_pcb
DEBUG: board_modifier.py:107: Getting S13 footprint position: (114300000, 95250000)
DEBUG: board_modifier.py:94: Setting S13 footprint position: (114300000, 95250000)
DEBUG: board_modifier.py:73: Searching for S12 footprint in /home/teo/AAegna_grejer/tangentbord/BoerdV2/BoerdV2.kicad_pcb
DEBUG: board_modifier.py:107: Getting S12 footprint position: (152400000, 85725000)
DEBUG: board_modifier.py:94: Setting S12 footprint position: (152400000, 85725000)
DEBUG: board_modifier.py:73: Searching for S11 footprint in /home/teo/AAegna_grejer/tangentbord/BoerdV2/BoerdV2.kicad_pcb
DEBUG: board_modifier.py:107: Getting S11 footprint position: (76200000, 85725000)
DEBUG: board_modifier.py:94: Setting S11 footprint position: (76200000, 85725000)
DEBUG: board_modifier.py:73: Searching for S10 footprint in /home/teo/AAegna_grejer/tangentbord/BoerdV2/BoerdV2.kicad_pcb
DEBUG: board_modifier.py:107: Getting S10 footprint position: (54768750, 85725000)
DEBUG: board_modifier.py:94: Setting S10 footprint position: (54768750, 85725000)
DEBUG: board_modifier.py:73: Searching for S9 footprint in /home/teo/AAegna_grejer/tangentbord/BoerdV2/BoerdV2.kicad_pcb
DEBUG: board_modifier.py:107: Getting S9 footprint position: (133350000, 80962500)
DEBUG: board_modifier.py:94: Setting S9 footprint position: (133350000, 80962500)
DEBUG: board_modifier.py:73: Searching for S8 footprint in /home/teo/AAegna_grejer/tangentbord/BoerdV2/BoerdV2.kicad_pcb
DEBUG: board_modifier.py:107: Getting S8 footprint position: (95250000, 80962500)
DEBUG: board_modifier.py:94: Setting S8 footprint position: (95250000, 80962500)
DEBUG: board_modifier.py:73: Searching for S7 footprint in /home/teo/AAegna_grejer/tangentbord/BoerdV2/BoerdV2.kicad_pcb
DEBUG: board_modifier.py:107: Getting S7 footprint position: (114300000, 76200000)
DEBUG: board_modifier.py:94: Setting S7 footprint position: (114300000, 76200000)
DEBUG: board_modifier.py:73: Searching for S6 footprint in /home/teo/AAegna_grejer/tangentbord/BoerdV2/BoerdV2.kicad_pcb
DEBUG: board_modifier.py:107: Getting S6 footprint position: (152400000, 66675000)
DEBUG: board_modifier.py:94: Setting S6 footprint position: (152400000, 66675000)
DEBUG: board_modifier.py:73: Searching for S5 footprint in /home/teo/AAegna_grejer/tangentbord/BoerdV2/BoerdV2.kicad_pcb
DEBUG: board_modifier.py:107: Getting S5 footprint position: (76200000, 66675000)
DEBUG: board_modifier.py:94: Setting S5 footprint position: (76200000, 66675000)
DEBUG: board_modifier.py:73: Searching for S4 footprint in /home/teo/AAegna_grejer/tangentbord/BoerdV2/BoerdV2.kicad_pcb
DEBUG: board_modifier.py:107: Getting S4 footprint position: (54768750, 66675000)
DEBUG: board_modifier.py:94: Setting S4 footprint position: (54768750, 66675000)
DEBUG: board_modifier.py:73: Searching for S3 footprint in /home/teo/AAegna_grejer/tangentbord/BoerdV2/BoerdV2.kicad_pcb
DEBUG: board_modifier.py:107: Getting S3 footprint position: (133350000, 61912500)
DEBUG: board_modifier.py:94: Setting S3 footprint position: (133350000, 61912500)
DEBUG: board_modifier.py:73: Searching for S2 footprint in /home/teo/AAegna_grejer/tangentbord/BoerdV2/BoerdV2.kicad_pcb
DEBUG: board_modifier.py:107: Getting S2 footprint position: (95250000, 61912500)
DEBUG: board_modifier.py:94: Setting S2 footprint position: (95250000, 61912500)
DEBUG: board_modifier.py:73: Searching for S1 footprint in /home/teo/AAegna_grejer/tangentbord/BoerdV2/BoerdV2.kicad_pcb
DEBUG: board_modifier.py:107: Getting S1 footprint position: (114300000, 57150000)
DEBUG: board_modifier.py:94: Setting S1 footprint position: (114300000, 57150000)
DEBUG: board_modifier.py:73: Searching for D35 footprint in /home/teo/AAegna_grejer/tangentbord/BoerdV2/BoerdV2.kicad_pcb
DEBUG: board_modifier.py:107: Getting D35 footprint position: (189852207, 186902266)
DEBUG: board_modifier.py:94: Setting D35 footprint position: (189852207, 186902266)
DEBUG: board_modifier.py:73: Searching for D34 footprint in /home/teo/AAegna_grejer/tangentbord/BoerdV2/BoerdV2.kicad_pcb
DEBUG: board_modifier.py:107: Getting D34 footprint position: (178116923, 169128374)
DEBUG: board_modifier.py:94: Setting D34 footprint position: (178116923, 169128374)
DEBUG: board_modifier.py:73: Searching for D33 footprint in /home/teo/AAegna_grejer/tangentbord/BoerdV2/BoerdV2.kicad_pcb
DEBUG: board_modifier.py:107: Getting D33 footprint position: (161619139, 159603374)
DEBUG: board_modifier.py:94: Setting D33 footprint position: (161619139, 159603374)
DEBUG: board_modifier.py:73: Searching for D32 footprint in /home/teo/AAegna_grejer/tangentbord/BoerdV2/BoerdV2.kicad_pcb
DEBUG: board_modifier.py:107: Getting D32 footprint position: (199377207, 170404482)
DEBUG: board_modifier.py:94: Setting D32 footprint position: (199377207, 170404482)
DEBUG: board_modifier.py:73: Searching for D31 footprint in /home/teo/AAegna_grejer/tangentbord/BoerdV2/BoerdV2.kicad_pcb
DEBUG: board_modifier.py:107: Getting D31 footprint position: (190023173, 148506144)
DEBUG: board_modifier.py:94: Setting D31 footprint position: (190023173, 148506144)
DEBUG: board_modifier.py:73: Searching for D30 footprint in /home/teo/AAegna_grejer/tangentbord/BoerdV2/BoerdV2.kicad_pcb
DEBUG: board_modifier.py:107: Getting D30 footprint position: (208902207, 153906698)
DEBUG: board_modifier.py:94: Setting D30 footprint position: (208902207, 153906698)
DEBUG: board_modifier.py:73: Searching for D29 footprint in /home/teo/AAegna_grejer/tangentbord/BoerdV2/BoerdV2.kicad_pcb
DEBUG: board_modifier.py:107: Getting D29 footprint position: (81280000, 145905000)
DEBUG: board_modifier.py:94: Setting D29 footprint position: (81280000, 145905000)
DEBUG: board_modifier.py:73: Searching for D28 footprint in /home/teo/AAegna_grejer/tangentbord/BoerdV2/BoerdV2.kicad_pcb
DEBUG: board_modifier.py:107: Getting D28 footprint position: (59848750, 145905000)
DEBUG: board_modifier.py:94: Setting D28 footprint position: (59848750, 145905000)
DEBUG: board_modifier.py:73: Searching for D27 footprint in /home/teo/AAegna_grejer/tangentbord/BoerdV2/BoerdV2.kicad_pcb
DEBUG: board_modifier.py:107: Getting D27 footprint position: (138430000, 141142500)
DEBUG: board_modifier.py:94: Setting D27 footprint position: (138430000, 141142500)
DEBUG: board_modifier.py:73: Searching for D26 footprint in /home/teo/AAegna_grejer/tangentbord/BoerdV2/BoerdV2.kicad_pcb
DEBUG: board_modifier.py:107: Getting D26 footprint position: (100330000, 141142500)
DEBUG: board_modifier.py:94: Setting D26 footprint position: (100330000, 141142500)
DEBUG: board_modifier.py:73: Searching for D25 footprint in /home/teo/AAegna_grejer/tangentbord/BoerdV2/BoerdV2.kicad_pcb
DEBUG: board_modifier.py:107: Getting D25 footprint position: (119380000, 136380000)
DEBUG: board_modifier.py:94: Setting D25 footprint position: (119380000, 136380000)
DEBUG: board_modifier.py:73: Searching for D24 footprint in /home/teo/AAegna_grejer/tangentbord/BoerdV2/BoerdV2.kicad_pcb
DEBUG: board_modifier.py:107: Getting D24 footprint position: (157480000, 126855000)
DEBUG: board_modifier.py:94: Setting D24 footprint position: (157480000, 126855000)
DEBUG: board_modifier.py:73: Searching for D23 footprint in /home/teo/AAegna_grejer/tangentbord/BoerdV2/BoerdV2.kicad_pcb
DEBUG: board_modifier.py:107: Getting D23 footprint position: (81280000, 126855000)
DEBUG: board_modifier.py:94: Setting D23 footprint position: (81280000, 126855000)
DEBUG: board_modifier.py:73: Searching for D22 footprint in /home/teo/AAegna_grejer/tangentbord/BoerdV2/BoerdV2.kicad_pcb
DEBUG: board_modifier.py:107: Getting D22 footprint position: (59848750, 126855000)
DEBUG: board_modifier.py:94: Setting D22 footprint position: (59848750, 126855000)
DEBUG: board_modifier.py:73: Searching for D21 footprint in /home/teo/AAegna_grejer/tangentbord/BoerdV2/BoerdV2.kicad_pcb
DEBUG: board_modifier.py:107: Getting D21 footprint position: (138430000, 122092500)
DEBUG: board_modifier.py:94: Setting D21 footprint position: (138430000, 122092500)
DEBUG: board_modifier.py:73: Searching for D20 footprint in /home/teo/AAegna_grejer/tangentbord/BoerdV2/BoerdV2.kicad_pcb
DEBUG: board_modifier.py:107: Getting D20 footprint position: (100330000, 122092500)
DEBUG: board_modifier.py:94: Setting D20 footprint position: (100330000, 122092500)
DEBUG: board_modifier.py:73: Searching for D19 footprint in /home/teo/AAegna_grejer/tangentbord/BoerdV2/BoerdV2.kicad_pcb
DEBUG: board_modifier.py:107: Getting D19 footprint position: (119380000, 117330000)
DEBUG: board_modifier.py:94: Setting D19 footprint position: (119380000, 117330000)
DEBUG: board_modifier.py:73: Searching for D18 footprint in /home/teo/AAegna_grejer/tangentbord/BoerdV2/BoerdV2.kicad_pcb
DEBUG: board_modifier.py:107: Getting D18 footprint position: (157480000, 107805000)
DEBUG: board_modifier.py:94: Setting D18 footprint position: (157480000, 107805000)
DEBUG: board_modifier.py:73: Searching for D17 footprint in /home/teo/AAegna_grejer/tangentbord/BoerdV2/BoerdV2.kicad_pcb
DEBUG: board_modifier.py:107: Getting D17 footprint position: (81280000, 107805000)
DEBUG: board_modifier.py:94: Setting D17 footprint position: (81280000, 107805000)
DEBUG: board_modifier.py:73: Searching for D16 footprint in /home/teo/AAegna_grejer/tangentbord/BoerdV2/BoerdV2.kicad_pcb
DEBUG: board_modifier.py:107: Getting D16 footprint position: (59848750, 107805000)
DEBUG: board_modifier.py:94: Setting D16 footprint position: (59848750, 107805000)
DEBUG: board_modifier.py:73: Searching for D15 footprint in /home/teo/AAegna_grejer/tangentbord/BoerdV2/BoerdV2.kicad_pcb
DEBUG: board_modifier.py:107: Getting D15 footprint position: (138430000, 103042500)
DEBUG: board_modifier.py:94: Setting D15 footprint position: (138430000, 103042500)
DEBUG: board_modifier.py:73: Searching for D14 footprint in /home/teo/AAegna_grejer/tangentbord/BoerdV2/BoerdV2.kicad_pcb
DEBUG: board_modifier.py:107: Getting D14 footprint position: (100330000, 103042500)
DEBUG: board_modifier.py:94: Setting D14 footprint position: (100330000, 103042500)
DEBUG: board_modifier.py:73: Searching for D13 footprint in /home/teo/AAegna_grejer/tangentbord/BoerdV2/BoerdV2.kicad_pcb
DEBUG: board_modifier.py:107: Getting D13 footprint position: (119380000, 98280000)
DEBUG: board_modifier.py:94: Setting D13 footprint position: (119380000, 98280000)
DEBUG: board_modifier.py:73: Searching for D12 footprint in /home/teo/AAegna_grejer/tangentbord/BoerdV2/BoerdV2.kicad_pcb
DEBUG: board_modifier.py:107: Getting D12 footprint position: (157480000, 88755000)
DEBUG: board_modifier.py:94: Setting D12 footprint position: (157480000, 88755000)
DEBUG: board_modifier.py:73: Searching for D11 footprint in /home/teo/AAegna_grejer/tangentbord/BoerdV2/BoerdV2.kicad_pcb
DEBUG: board_modifier.py:107: Getting D11 footprint position: (81280000, 88755000)
DEBUG: board_modifier.py:94: Setting D11 footprint position: (81280000, 88755000)
DEBUG: board_modifier.py:73: Searching for D10 footprint in /home/teo/AAegna_grejer/tangentbord/BoerdV2/BoerdV2.kicad_pcb
DEBUG: board_modifier.py:107: Getting D10 footprint position: (59848750, 88755000)
DEBUG: board_modifier.py:94: Setting D10 footprint position: (59848750, 88755000)
DEBUG: board_modifier.py:73: Searching for D9 footprint in /home/teo/AAegna_grejer/tangentbord/BoerdV2/BoerdV2.kicad_pcb
DEBUG: board_modifier.py:107: Getting D9 footprint position: (138430000, 83992500)
DEBUG: board_modifier.py:94: Setting D9 footprint position: (138430000, 83992500)
DEBUG: board_modifier.py:73: Searching for D8 footprint in /home/teo/AAegna_grejer/tangentbord/BoerdV2/BoerdV2.kicad_pcb
DEBUG: board_modifier.py:107: Getting D8 footprint position: (100330000, 83992500)
DEBUG: board_modifier.py:94: Setting D8 footprint position: (100330000, 83992500)
DEBUG: board_modifier.py:73: Searching for D7 footprint in /home/teo/AAegna_grejer/tangentbord/BoerdV2/BoerdV2.kicad_pcb
DEBUG: board_modifier.py:107: Getting D7 footprint position: (119380000, 79230000)
DEBUG: board_modifier.py:94: Setting D7 footprint position: (119380000, 79230000)
DEBUG: board_modifier.py:73: Searching for D6 footprint in /home/teo/AAegna_grejer/tangentbord/BoerdV2/BoerdV2.kicad_pcb
DEBUG: board_modifier.py:107: Getting D6 footprint position: (157480000, 69705000)
DEBUG: board_modifier.py:94: Setting D6 footprint position: (157480000, 69705000)
DEBUG: board_modifier.py:73: Searching for D5 footprint in /home/teo/AAegna_grejer/tangentbord/BoerdV2/BoerdV2.kicad_pcb
DEBUG: board_modifier.py:107: Getting D5 footprint position: (81280000, 69705000)
DEBUG: board_modifier.py:94: Setting D5 footprint position: (81280000, 69705000)
DEBUG: board_modifier.py:73: Searching for D4 footprint in /home/teo/AAegna_grejer/tangentbord/BoerdV2/BoerdV2.kicad_pcb
DEBUG: board_modifier.py:107: Getting D4 footprint position: (59848750, 69705000)
DEBUG: board_modifier.py:94: Setting D4 footprint position: (59848750, 69705000)
DEBUG: board_modifier.py:73: Searching for D3 footprint in /home/teo/AAegna_grejer/tangentbord/BoerdV2/BoerdV2.kicad_pcb
DEBUG: board_modifier.py:107: Getting D3 footprint position: (138430000, 64942500)
DEBUG: board_modifier.py:94: Setting D3 footprint position: (138430000, 64942500)
DEBUG: board_modifier.py:73: Searching for D2 footprint in /home/teo/AAegna_grejer/tangentbord/BoerdV2/BoerdV2.kicad_pcb
DEBUG: board_modifier.py:107: Getting D2 footprint position: (100330000, 64942500)
DEBUG: board_modifier.py:94: Setting D2 footprint position: (100330000, 64942500)
DEBUG: board_modifier.py:73: Searching for D1 footprint in /home/teo/AAegna_grejer/tangentbord/BoerdV2/BoerdV2.kicad_pcb
DEBUG: board_modifier.py:107: Getting D1 footprint position: (119380000, 60180000)
DEBUG: board_modifier.py:94: Setting D1 footprint position: (119380000, 60180000)
